// Jest Snapshot v1, https://goo.gl/fbAQLP

exports[`<Footer /> should render 4 column topics 1`] = `
.c0 {
  background-color: #200E64;
}

<footer
  aria-label="footer"
  class="c0"
/>
`
